// Jest Snapshot v1, https://goo.gl/fbAQLP

exports[`renders correctly 1`] = `
<div
  className="sc-bwzfXH uTxCW"
>
  <div
    className="cardName sc-htpNat jfzVHX"
  >
    <h2>
      Anywhere Card
    </h2>
  </div>
  <div
    className="box sc-bdVaJa dIWyBO"
  >
    <p>
      Apr: 33.9%
    </p>
    <p>
      Balance Transfer Offer Duration: 0 months
    </p>
    <p>
      Purchase Offer Duration: 0 Months
    </p>
    <p>
      Credit Available: Â£
    </p>
  </div>
</div>
`;
