// Jest Snapshot v1, https://goo.gl/fbAQLP

exports[`renders correctly 1`] = `
<div
  className="sc-htpNat KtFsv"
>
  <div
    className="sc-bwzfXH bfmIOp"
  >
    <h2>
      Liquid Life
    </h2>
  </div>
</div>
`;
